[saew.epn.edu.ec/Imagenes/img/iconoSaew.png]
[backblue.gif]
[fade.gif]
[index.html]
[saew.epn.edu.ec/Estilos/SAEStyle.css]
[saew.epn.edu.ec/ScriptResourcef750.js]
[saew.epn.edu.ec/ScriptResource4ce7.axd]
[saew.epn.edu.ec/ScriptResource5739.axd]
[saew.epn.edu.ec/Imagenes/img/pregBlanca.jpg]
[saew.epn.edu.ec/Imagenes/img/QR-CorreoIns.png]
[saew.epn.edu.ec/index.html]
[saew.epn.edu.ec/Imagenes/img/vineta.png]
[saew.epn.edu.ec/Imagenes/img/bgHead.png]
[saew.epn.edu.ec/Imagenes/img/logoSaew.png]
[saew.epn.edu.ec/Imagenes/img/fondoBlanco.png]
[saew.epn.edu.ec/Imagenes/img/persona.gif]
[saew.epn.edu.ec/Imagenes/img/icUsuario.png]
[saew.epn.edu.ec/Imagenes/img/icPeriodo.png]
[saew.epn.edu.ec/Imagenes/img/icFacultad.png]
[saew.epn.edu.ec/Imagenes/img/icCarrera.png]
[saew.epn.edu.ec/Imagenes/bg-three-column-main.png]
[saew.epn.edu.ec/Imagenes/list-bullet-02.gif]
[saew.epn.edu.ec/Imagenes/bg_nav.png]
[saew.epn.edu.ec/Imagenes/bg_nav.jpg]
[saew.epn.edu.ec/Estilos/SAEStyle.css]
[saew.epn.edu.ec/WebResourcedcab.js]
[saew.epn.edu.ec/ScriptResourcef750.js]
[saew.epn.edu.ec/Estilos/opensans_regular/OpenSans-Regular-webfont.eot]
[saew.epn.edu.ec/Estilos/opensans_regular/OpenSans-Regular-webfontd41d.eot]
[saew.epn.edu.ec/Estilos/opensans_regular/OpenSans-Regular-webfont.woff]
[saew.epn.edu.ec/Estilos/opensans_regular/OpenSans-Regular-webfont.ttf]
[saew.epn.edu.ec/Estilos/opensans_regular/stylesheet.css]
[saew.epn.edu.ec/Imageneslist-bullet-01-link.html]
[saew.epn.edu.ec/Imagenes/bg-photo.html]
[saew.epn.edu.ec/Estilos/Imagenes/bg_nav.html]
[saew.epn.edu.ec/Estilos/Imagenes/glbnav_background.html]
[saew.epn.edu.ec/Estilos/images/background_columnright.html]
[saew.epn.edu.ec/Estilos/grd_alt.html]
[saew.epn.edu.ec/POST.html]
[saew.epn.edu.ec/Firefox/index.html]
[saew.epn.edu.ec/Safari/index.html]
[saew.epn.edu.ec/Opera/index.html]
[saew.epn.edu.ec/Estilos/opensans_regular/OpenSans-Regular-webfont.svg]
